// Jest Snapshot v1, https://goo.gl/fbAQLP

exports[`basic render 1`] = `
"<!doctype html>
<html data-n-head-ssr >
  <head >
    <style data-vue-ssr-id=\\"124e288c:0\\">.nuxt-progress{position:fixed;top:0;left:0;right:0;height:2px;width:0;opacity:1;transition:width .1s,opacity .4s;background-color:#000;z-index:999999}.nuxt-progress.nuxt-progress-notransition{transition:none}.nuxt-progress-failed{background-color:red}</style>
  </head>
  <body >
    <div data-server-rendered=\\"true\\" id=\\"__nuxt\\"><!----><div id=\\"__layout\\"><div><h3>External Import:</h3> <img src=\\"/_nuxt/84644ed532be05ea7f1601eb405a0aea.svg\\"> <h3>Inline base64:</h3> <img src=\\"data:image/svg+xml;base64,PHN2ZyB3aWR0aD0iNTU2IiBoZWlnaHQ9Ijk4IiB2aWV3Qm94PSIwIDAgNTU2IDk4IiB4bWxucz0iaHR0cDovL3d3dy53My5vcmcvMjAwMC9zdmciPgogIDxnIGZpbGw9Im5vbmUiIGZpbGwtcnVsZT0iZXZlbm9kZCI+CiAgICA8cGF0aCBkPSJNNzQuNCAzLjdjMSAxLjEgMS43IDIuNiAxLjYgNC4ydjgxLjVjMCAxLjctLjYgMy40LTEuOCA0LjdhNi4yIDYuMiAwIDAgMS00LjYgMS45Yy0xIDAtMi0uMi0zLS41YTUgNSAwIDAgMS0yLjEtMS40TDExLjcgMjUuNFY5MGE1LjcgNS43IDAgMCAxLTYgNS45Yy0xLjUgMC0zLS42LTQtMS43QTUuOCA1LjggMCAwIDEgMCA5MC4xVjguNEMwIDYuNy43IDUgMiAzLjhBNiA2IDAgMCAxIDYuMyAyYzEgMCAyLjEuMiAzIC42IDEgLjMgMS44IDEgMi40IDEuN2w1Mi41IDY4LjlWNy45YTUuNyA1LjcgMCAwIDEgNi01LjljMS41IDAgMyAuNSA0IDEuN3pNMTgzLjEgMy45YzEuMSAxLjMgMS44IDMgMS43IDQuNnY1MS42Yy4xIDYuNi0xLjUgMTMuMi00LjcgMTktMyA1LjYtNy41IDEwLjItMTMgMTMuMy01LjYgMy4zLTEyIDUtMTguNiA0LjktNi41IDAtMTMtMS42LTE4LjgtNC44YTM0IDM0IDAgMCAxLTEzLTEzLjIgMzguNiAzOC42IDAgMCAxLTQuNy0xOS4xVjguNmMwLTEuNy42LTMuNCAyLTQuNmE2LjcgNi43IDAgMCAxIDkuMyAwYzEuMiAxLjIgMS45IDIuOCAxLjkgNC42VjYwYy0uMSA0LjQgMSA4LjcgMy4yIDEyLjZhMjMuMiAyMy4yIDAgMCAwIDIwLjEgMTEuNyAyNCAyNCAwIDAgMCAyNC4xLTI0LjNWOC42YzAtMS43LjUtMy40IDEuNi00LjcgMS4yLTEuMyAyLjgtMiA0LjUtMS45IDEuNyAwIDMuMy43IDQuNCAxLjl6TTI4NyA4NS43YTYuMyA2LjMgMCAwIDEgMS4xIDMuOGMuMSAxLjctLjYgMy40LTEuOSA0LjZhNi40IDYuNCAwIDAgMS00LjMgMS43Yy0yLjEuMS00LjEtMS01LjMtMi43bC0yNi0zNC44TDIyNSA5My4xYTYuMiA2LjIgMCAwIDEtNS4yIDIuOGMtMS42IDAtMy0uNi00LjEtMS43LTEtMS0xLjctMi40LTEuNy0zLjggMC0xLjYuNi0zLjIgMS42LTQuNGwyNy42LTM3LjUtMjcuNy0zNy4yYTYuMiA2LjIgMCAwIDEgLjUtOC40IDYuMyA2LjMgMCAwIDEgNy40LTEuMiA2IDYgMCAwIDEgMi40IDJsMjUuOCAzNC42TDI3NyA0YzEuMS0xLjcgMy0yLjggNS4xLTMgMS42IDAgMy4yLjggNC4zIDIgMS4xIDEgMS44IDIuNSAxLjkgNCAwIDEuNS0uNSAyLjgtMS40IDRsLTI4IDM3LjIgMjggMzcuNXpNMzgzLjUgMy43YzEuMiAxLjEgMiAyLjggMS45IDQuNSAwIDEuNy0uNyAzLjMtMiA0LjQtMS4yIDEuMS0yLjkgMS43LTQuNiAxLjZIMzU1djc1LjRjMCAxLjctLjYgMy4zLTEuOSA0LjVhNy40IDcuNCAwIDAgMS05LjggMCA2LjIgNi4yIDAgMCAxLTItNC41VjE0LjJoLTIzLjhjLTEuNyAwLTMuMy0uNS00LjYtMS43QTUuOSA1LjkgMCAwIDEgMzExIDhjMC0xLjYuNi0zLjIgMS44LTQuMyAxLjMtMS4yIDMtMS44IDQuNi0xLjdoNjEuNGMxLjcgMCAzLjQuNSA0LjcgMS43eiIgZmlsbD0iIzJFNDk1RSIvPgogICAgPHBhdGggZD0iTTQxMi43IDkzLjZjLTQuMy0yLjQtOC02LTEwLjUtMTAuMy0uNy0xLTEuMS0yLjMtMS4yLTMuNiAwLTEuNy43LTMuMyAyLTQuNCAxLjEtMS4yIDIuNi0xLjggNC4yLTIgMi40LjMgNC42IDEuNSA2IDMuNCAzIDUgOC40IDggMTQuMSA3LjhBMTcuMiAxNy4yIDAgMCAwIDQ0NSA2Ny4zVjguNWE2IDYgMCAwIDEgMi00LjZjMS4zLTEuMiAzLTEuOSA0LjctMS45IDEuOCAwIDMuNS42IDQuOCAxLjhhNi4zIDYuMyAwIDAgMSAxLjggNC42djU5YTI5IDI5IDAgMCAxLTE1IDI2IDMxLjIgMzEuMiAwIDAgMS0zMC41LjJ6TTUwNS4yIDk0Yy01LjMtMi0xMC4yLTUtMTQuNC05YTcuMiA3LjIgMCAwIDEtMi44LTUuNCA2IDYgMCAwIDEgMi00LjQgNiA2IDAgMCAxIDQuMy0xLjljMS41IDAgMi44LjUgMy45IDEuNSAzLjIgMyA3IDUuNSAxMSA3LjMgNC4yIDEuNiA4LjYgMi40IDEzIDIuNCA1IC4xIDEwLTEuMiAxNC4zLTQgMy41LTIgNS44LTUuNyA1LjgtOS44LjEtNC4zLTIuMS04LjQtNS44LTEwLjhhNTIgNTIgMCAwIDAtMTcuNC02LjNjLTkuMi0yLTE2LjMtNS0yMS4zLTkuMy01LTQuMy03LjQtMTAuMy03LjQtMTcuOS0uMS01IDEuMy05LjkgNC4yLTE0IDIuOS00IDYuOC03LjIgMTEuNC05LjJhNDUuNSA0NS41IDAgMCAxIDMyLjQtLjUgMzMgMzMgMCAwIDEgMTIgNy4xYzEuOCAxLjQgMyAzLjUgMyA1LjdhNiA2IDAgMCAxLTEuOCA0LjMgNS43IDUuNyAwIDAgMS00LjQgMmMtMSAwLTIuMi0uNC0zLTEuMWEzMi4xIDMyLjEgMCAwIDAtMjEuNC04LjJjLTUtLjMtMTAgMS0xNC4zIDMuNmExMS45IDExLjkgMCAwIDAgMCAxOS44IDUwIDUwIDAgMCAwIDE1LjggNmM1LjkgMS4xIDExLjYgMyAxNy4xIDUuMyA0LjIgMS45IDcuOCA0LjggMTAuMyA4LjYgMi42IDQuNCAzLjggOS4zIDMuNiAxNC40LjEgNS0xLjQgOS44LTQuMyAxMy44LTMgNC4yLTcuMiA3LjQtMTIgOS40YTQ5LjggNDkuOCAwIDAgMS0zMy45LjZ6IiBmaWxsPSIjMDBDNDhEIi8+CiAgPC9nPgo8L3N2Zz4K\\"> <h3>Inline Components:</h3> <svg width=\\"556\\" height=\\"98\\" viewBox=\\"0 0 556 98\\" xmlns=\\"http://www.w3.org/2000/svg\\"><g fill=\\"none\\" fill-rule=\\"evenodd\\"><path d=\\"M74.4 3.7c1 1.1 1.7 2.6 1.6 4.2v81.5c0 1.7-.6 3.4-1.8 4.7a6.2 6.2 0 0 1-4.6 1.9c-1 0-2-.2-3-.5a5 5 0 0 1-2.1-1.4L11.7 25.4V90a5.7 5.7 0 0 1-6 5.9c-1.5 0-3-.6-4-1.7A5.8 5.8 0 0 1 0 90.1V8.4C0 6.7.7 5 2 3.8A6 6 0 0 1 6.3 2c1 0 2.1.2 3 .6 1 .3 1.8 1 2.4 1.7l52.5 68.9V7.9a5.7 5.7 0 0 1 6-5.9c1.5 0 3 .5 4 1.7zM183.1 3.9c1.1 1.3 1.8 3 1.7 4.6v51.6c.1 6.6-1.5 13.2-4.7 19-3 5.6-7.5 10.2-13 13.3-5.6 3.3-12 5-18.6 4.9-6.5 0-13-1.6-18.8-4.8a34 34 0 0 1-13-13.2 38.6 38.6 0 0 1-4.7-19.1V8.6c0-1.7.6-3.4 2-4.6a6.7 6.7 0 0 1 9.3 0c1.2 1.2 1.9 2.8 1.9 4.6V60c-.1 4.4 1 8.7 3.2 12.6a23.2 23.2 0 0 0 20.1 11.7 24 24 0 0 0 24.1-24.3V8.6c0-1.7.5-3.4 1.6-4.7 1.2-1.3 2.8-2 4.5-1.9 1.7 0 3.3.7 4.4 1.9zM287 85.7a6.3 6.3 0 0 1 1.1 3.8c.1 1.7-.6 3.4-1.9 4.6a6.4 6.4 0 0 1-4.3 1.7c-2.1.1-4.1-1-5.3-2.7l-26-34.8L225 93.1a6.2 6.2 0 0 1-5.2 2.8c-1.6 0-3-.6-4.1-1.7-1-1-1.7-2.4-1.7-3.8 0-1.6.6-3.2 1.6-4.4l27.6-37.5-27.7-37.2a6.2 6.2 0 0 1 .5-8.4 6.3 6.3 0 0 1 7.4-1.2 6 6 0 0 1 2.4 2l25.8 34.6L277 4c1.1-1.7 3-2.8 5.1-3 1.6 0 3.2.8 4.3 2 1.1 1 1.8 2.5 1.9 4 0 1.5-.5 2.8-1.4 4l-28 37.2 28 37.5zM383.5 3.7c1.2 1.1 2 2.8 1.9 4.5 0 1.7-.7 3.3-2 4.4-1.2 1.1-2.9 1.7-4.6 1.6H355v75.4c0 1.7-.6 3.3-1.9 4.5a7.4 7.4 0 0 1-9.8 0 6.2 6.2 0 0 1-2-4.5V14.2h-23.8c-1.7 0-3.3-.5-4.6-1.7A5.9 5.9 0 0 1 311 8c0-1.6.6-3.2 1.8-4.3 1.3-1.2 3-1.8 4.6-1.7h61.4c1.7 0 3.4.5 4.7 1.7z\\" fill=\\"#2E495E\\"></path><path d=\\"M412.7 93.6c-4.3-2.4-8-6-10.5-10.3-.7-1-1.1-2.3-1.2-3.6 0-1.7.7-3.3 2-4.4 1.1-1.2 2.6-1.8 4.2-2 2.4.3 4.6 1.5 6 3.4 3 5 8.4 8 14.1 7.8A17.2 17.2 0 0 0 445 67.3V8.5a6 6 0 0 1 2-4.6c1.3-1.2 3-1.9 4.7-1.9 1.8 0 3.5.6 4.8 1.8a6.3 6.3 0 0 1 1.8 4.6v59a29 29 0 0 1-15 26 31.2 31.2 0 0 1-30.5.2zM505.2 94c-5.3-2-10.2-5-14.4-9a7.2 7.2 0 0 1-2.8-5.4 6 6 0 0 1 2-4.4 6 6 0 0 1 4.3-1.9c1.5 0 2.8.5 3.9 1.5 3.2 3 7 5.5 11 7.3 4.2 1.6 8.6 2.4 13 2.4 5 .1 10-1.2 14.3-4 3.5-2 5.8-5.7 5.8-9.8.1-4.3-2.1-8.4-5.8-10.8a52 52 0 0 0-17.4-6.3c-9.2-2-16.3-5-21.3-9.3-5-4.3-7.4-10.3-7.4-17.9-.1-5 1.3-9.9 4.2-14 2.9-4 6.8-7.2 11.4-9.2a45.5 45.5 0 0 1 32.4-.5 33 33 0 0 1 12 7.1c1.8 1.4 3 3.5 3 5.7a6 6 0 0 1-1.8 4.3 5.7 5.7 0 0 1-4.4 2c-1 0-2.2-.4-3-1.1a32.1 32.1 0 0 0-21.4-8.2c-5-.3-10 1-14.3 3.6a11.9 11.9 0 0 0 0 19.8 50 50 0 0 0 15.8 6c5.9 1.1 11.6 3 17.1 5.3 4.2 1.9 7.8 4.8 10.3 8.6 2.6 4.4 3.8 9.3 3.6 14.4.1 5-1.4 9.8-4.3 13.8-3 4.2-7.2 7.4-12 9.4a49.8 49.8 0 0 1-33.9.6z\\" fill=\\"#00C48D\\"></path></g></svg></div></div></div><script>window.__NUXT__={layout:\\"default\\",data:[{}],error:null,serverRendered:true};</script><script src=\\"/_nuxt/31be4ce0534144036c18.js\\" defer></script><script src=\\"/_nuxt/ef61ac7d3c7bd9ba977a.js\\" defer></script><script src=\\"/_nuxt/67199ff130522de686f7.js\\" defer></script><script src=\\"/_nuxt/5d0e6c85ab5a8c395d10.js\\" defer></script>
  </body>
</html>
"
`;
